[    0.000000] Initializing cgroup subsys cpuset
[    0.000000] Initializing cgroup subsys cpu
[    0.000000] Initializing cgroup subsys cpuacct
[    0.000000] Linux version 4.4.0-38-generic (buildd@lgw01-58) (gcc version 5.4.0 20160609 (Ubuntu 5.4.0-6ubuntu1~16.04.2) ) #57-Ubuntu SMP Tue Sep 6 15:42:33 UTC 2016 (Ubuntu 4.4.0-38.57-generic 4.4.19)
[    0.000000] Command line: BOOT_IMAGE=/boot/vmlinuz-4.4.0-38-generic root=LABEL=cloudimg-rootfs ro console=tty1 console=ttyS0
[    0.000000] KERNEL supported cpus:
[    0.000000]   Intel GenuineIntel
[    0.000000]   AMD AuthenticAMD
[    0.000000]   Centaur CentaurHauls
[    0.000000] x86/fpu: xstate_offset[2]:  576, xstate_sizes[2]:  256
[    0.000000] x86/fpu: Supporting XSAVE feature 0x01: 'x87 floating point registers'
[    0.000000] x86/fpu: Supporting XSAVE feature 0x02: 'SSE registers'
[    0.000000] x86/fpu: Supporting XSAVE feature 0x04: 'AVX registers'
[    0.000000] x86/fpu: Enabled xstate features 0x7, context size is 832 bytes, using 'standard' format.
[    0.000000] x86/fpu: Using 'lazy' FPU context switches.
[    0.000000] e820: BIOS-provided physical RAM map:
[    0.000000] BIOS-e820: [mem 0x0000000000000000-0x000000000009fbff] usable
[    0.000000] BIOS-e820: [mem 0x000000000009fc00-0x000000000009ffff] reserved
[    0.000000] BIOS-e820: [mem 0x00000000000f0000-0x00000000000fffff] reserved
[    0.000000] BIOS-e820: [mem 0x0000000000100000-0x000000003ffeffff] usable
[    0.000000] BIOS-e820: [mem 0x000000003fff0000-0x000000003fffffff] ACPI data
[    0.000000] BIOS-e820: [mem 0x00000000fec00000-0x00000000fec00fff] reserved
[    0.000000] BIOS-e820: [mem 0x00000000fee00000-0x00000000fee00fff] reserved
[    0.000000] BIOS-e820: [mem 0x00000000fffc0000-0x00000000ffffffff] reserved
[    0.000000] NX (Execute Disable) protection: active
[    0.000000] SMBIOS 2.5 present.
[    0.000000] Hypervisor detected: KVM
[    0.000000] e820: last_pfn = 0x3fff0 max_arch_pfn = 0x400000000
[    0.000000] MTRR: Disabled
[    0.000000] x86/PAT: MTRRs disabled, skipping PAT initialization too.
[    0.000000] x86/PAT: Configuration [0-7]: WB  WT  UC- UC  WB  WT  UC- UC  
[    0.000000] CPU MTRRs all blank - virtualized system.
[    0.000000] found SMP MP-table at [mem 0x0009fff0-0x0009ffff] mapped at [ffff88000009fff0]
[    0.000000] Scanning 1 areas for low memory corruption
[    0.000000] RAMDISK: [mem 0x36fdc000-0x377e5fff]
[    0.000000] ACPI: Early table checksum verification disabled
[    0.000000] ACPI: RSDP 0x00000000000E0000 000024 (v02 VBOX  )
[    0.000000] ACPI: XSDT 0x000000003FFF0030 00003C (v01 VBOX   VBOXXSDT 00000001 ASL  00000061)
[    0.000000] ACPI: FACP 0x000000003FFF00F0 0000F4 (v04 VBOX   VBOXFACP 00000001 ASL  00000061)
[    0.000000] ACPI: DSDT 0x000000003FFF0470 0021C8 (v02 VBOX   VBOXBIOS 00000002 INTL 20100528)
[    0.000000] ACPI: FACS 0x000000003FFF0200 000040
[    0.000000] ACPI: FACS 0x000000003FFF0200 000040
[    0.000000] ACPI: APIC 0x000000003FFF0240 000054 (v02 VBOX   VBOXAPIC 00000001 ASL  00000061)
[    0.000000] ACPI: SSDT 0x000000003FFF02A0 0001CC (v01 VBOX   VBOXCPUT 00000002 INTL 20100528)
[    0.000000] No NUMA configuration found
[    0.000000] Faking a node at [mem 0x0000000000000000-0x000000003ffeffff]
[    0.000000] NODE_DATA(0) allocated [mem 0x3ffeb000-0x3ffeffff]
[    0.000000] kvm-clock: Using msrs 4b564d01 and 4b564d00
[    0.000000] kvm-clock: cpu 0, msr 0:3ffe7001, primary cpu clock
[    0.000000] kvm-clock: using sched offset of 3258795734 cycles
[    0.000000] clocksource: kvm-clock: mask: 0xffffffffffffffff max_cycles: 0x1cd42e4dffb, max_idle_ns: 881590591483 ns
[    0.000000] Zone ranges:
[    0.000000]   DMA      [mem 0x0000000000001000-0x0000000000ffffff]
[    0.000000]   DMA32    [mem 0x0000000001000000-0x000000003ffeffff]
[    0.000000]   Normal   empty
[    0.000000]   Device   empty
[    0.000000] Movable zone start for each node
[    0.000000] Early memory node ranges
[    0.000000]   node   0: [mem 0x0000000000001000-0x000000000009efff]
[    0.000000]   node   0: [mem 0x0000000000100000-0x000000003ffeffff]
[    0.000000] Initmem setup node 0 [mem 0x0000000000001000-0x000000003ffeffff]
[    0.000000] ACPI: PM-Timer IO Port: 0x4008
[    0.000000] IOAPIC[0]: apic_id 1, version 32, address 0xfec00000, GSI 0-23
[    0.000000] ACPI: INT_SRC_OVR (bus 0 bus_irq 0 global_irq 2 dfl dfl)
[    0.000000] ACPI: INT_SRC_OVR (bus 0 bus_irq 9 global_irq 9 high level)
[    0.000000] Using ACPI (MADT) for SMP configuration information
[    0.000000] smpboot: Allowing 1 CPUs, 0 hotplug CPUs
[    0.000000] PM: Registered nosave memory: [mem 0x00000000-0x00000fff]
[    0.000000] PM: Registered nosave memory: [mem 0x0009f000-0x0009ffff]
[    0.000000] PM: Registered nosave memory: [mem 0x000a0000-0x000effff]
[    0.000000] PM: Registered nosave memory: [mem 0x000f0000-0x000fffff]
[    0.000000] e820: [mem 0x40000000-0xfebfffff] available for PCI devices
[    0.000000] Booting paravirtualized kernel on KVM
[    0.000000] clocksource: refined-jiffies: mask: 0xffffffff max_cycles: 0xffffffff, max_idle_ns: 7645519600211568 ns
[    0.000000] setup_percpu: NR_CPUS:256 nr_cpumask_bits:256 nr_cpu_ids:1 nr_node_ids:1
[    0.000000] PERCPU: Embedded 33 pages/cpu @ffff88003fc00000 s98008 r8192 d28968 u2097152
[    0.000000] PV qspinlock hash table entries: 256 (order: 0, 4096 bytes)
[    0.000000] Built 1 zonelists in Node order, mobility grouping on.  Total pages: 257913
[    0.000000] Policy zone: DMA32
[    0.000000] Kernel command line: BOOT_IMAGE=/boot/vmlinuz-4.4.0-38-generic root=LABEL=cloudimg-rootfs ro console=tty1 console=ttyS0
[    0.000000] PID hash table entries: 4096 (order: 3, 32768 bytes)
[    0.000000] Memory: 1004536K/1048120K available (8404K kernel code, 1283K rwdata, 3944K rodata, 1480K init, 1292K bss, 43584K reserved, 0K cma-reserved)
[    0.000000] SLUB: HWalign=64, Order=0-3, MinObjects=0, CPUs=1, Nodes=1
[    0.000000] Hierarchical RCU implementation.
[    0.000000] 	Build-time adjustment of leaf fanout to 64.
[    0.000000] 	RCU restricting CPUs from NR_CPUS=256 to nr_cpu_ids=1.
[    0.000000] RCU: Adjusting geometry for rcu_fanout_leaf=64, nr_cpu_ids=1
[    0.000000] NR_IRQS:16640 nr_irqs:256 16
[    0.000000] Console: colour VGA+ 80x25
[    0.000000] console [tty1] enabled
[    0.000000] console [ttyS0] enabled
[    0.000000] tsc: Detected 2700.000 MHz processor
[    1.050926] Calibrating delay loop (skipped) preset value.. 5400.00 BogoMIPS (lpj=10800000)
[    1.094772] pid_max: default: 32768 minimum: 301
[    1.098161] ACPI: Core revision 20150930
[    1.100376] ACPI: 2 ACPI AML tables successfully acquired and loaded
[    1.124137] Security Framework initialized
[    1.155763] Yama: becoming mindful.
[    1.163934] AppArmor: AppArmor initialized
[    1.182058] Dentry cache hash table entries: 131072 (order: 8, 1048576 bytes)
[    1.187508] Inode-cache hash table entries: 65536 (order: 7, 524288 bytes)
[    1.240783] Mount-cache hash table entries: 2048 (order: 2, 16384 bytes)
[    1.251158] Mountpoint-cache hash table entries: 2048 (order: 2, 16384 bytes)
[    1.264897] Initializing cgroup subsys io
[    1.282975] Initializing cgroup subsys memory
[    1.298689] Initializing cgroup subsys devices
[    1.318774] Initializing cgroup subsys freezer
[    1.346235] Initializing cgroup subsys net_cls
[    1.349924] Initializing cgroup subsys perf_event
[    1.367842] Initializing cgroup subsys net_prio
[    1.385003] Initializing cgroup subsys hugetlb
[    1.394305] Initializing cgroup subsys pids
[    1.395371] CPU: Physical Processor ID: 0
[    1.416238] mce: CPU supports 0 MCE banks
[    1.421632] process: using mwait in idle threads
[    1.436784] Last level iTLB entries: 4KB 64, 2MB 8, 4MB 8
[    1.456706] Last level dTLB entries: 4KB 64, 2MB 0, 4MB 0, 1GB 4
[    1.476449] Freeing SMP alternatives memory: 32K (ffffffff820b4000 - ffffffff820bc000)
[    1.512706] ftrace: allocating 32006 entries in 126 pages
[    1.618579] smpboot: Max logical packages: 1
[    1.628296] smpboot: APIC(0) Converting physical 0 to logical package 0
[    1.653983] x2apic enabled
[    1.665872] Switched APIC routing to physical x2apic.
[    1.686872] ..TIMER: vector=0x30 apic1=0 pin1=2 apic2=-1 pin2=-1
[    1.807033] smpboot: CPU0: Intel(R) Core(TM) i5-5257U CPU @ 2.70GHz (family: 0x6, model: 0x3d, stepping: 0x4)
[    1.843313] Performance Events: unsupported p6 CPU model 61 no PMU driver, software events only.
[    1.869205] KVM setup paravirtual spinlock
[    1.876170] x86: Booted up 1 node, 1 CPUs
[    1.898638] smpboot: Total of 1 processors activated (5400.00 BogoMIPS)
[    1.925645] devtmpfs: initialized
[    1.946992] evm: security.selinux
[    1.955709] evm: security.SMACK64
[    1.962489] evm: security.SMACK64EXEC
[    1.972327] evm: security.SMACK64TRANSMUTE
[    1.988546] evm: security.SMACK64MMAP
[    2.001514] evm: security.ima
[    2.002248] evm: security.capability
[    2.028489] clocksource: jiffies: mask: 0xffffffff max_cycles: 0xffffffff, max_idle_ns: 7645041785100000 ns
[    2.066359] pinctrl core: initialized pinctrl subsystem
[    2.086275] RTC time: 11:43:15, date: 04/03/17
[    2.087402] NET: Registered protocol family 16
[    2.093751] cpuidle: using governor ladder
[    2.094698] cpuidle: using governor menu
[    2.101356] PCCT header not found.
[    2.123475] ACPI: bus type PCI registered
[    2.133264] acpiphp: ACPI Hot Plug PCI Controller Driver version: 0.5
[    2.160797] PCI: Using configuration type 1 for base access
[    2.185037] ACPI: Added _OSI(Module Device)
[    2.226883] ACPI: Added _OSI(Processor Device)
[    2.228206] ACPI: Added _OSI(3.0 _SCP Extensions)
[    2.278485] ACPI: Added _OSI(Processor Aggregator Device)
[    2.305377] ACPI: Executed 1 blocks of module-level executable AML code
[    2.333647] ACPI: Interpreter enabled
[    2.339971] ACPI Exception: AE_NOT_FOUND, While evaluating Sleep State [\_S1_] (20150930/hwxface-580)
[    2.402968] ACPI Exception: AE_NOT_FOUND, While evaluating Sleep State [\_S2_] (20150930/hwxface-580)
[    2.405146] ACPI Exception: AE_NOT_FOUND, While evaluating Sleep State [\_S3_] (20150930/hwxface-580)
[    2.448171] ACPI Exception: AE_NOT_FOUND, While evaluating Sleep State [\_S4_] (20150930/hwxface-580)
[    2.469715] ACPI: (supports S0 S5)
[    2.474160] ACPI: Using IOAPIC for interrupt routing
[    2.476994] PCI: Using host bridge windows from ACPI; if necessary, use "pci=nocrs" and report a bug
[    2.513085] ACPI: PCI Root Bridge [PCI0] (domain 0000 [bus 00-ff])
[    2.539861] acpi PNP0A03:00: _OSC: OS supports [ASPM ClockPM Segments MSI]
[    2.560006] acpi PNP0A03:00: _OSC failed (AE_NOT_FOUND); disabling ASPM
[    2.585152] acpi PNP0A03:00: fail to add MMCONFIG information, can't access extended PCI configuration space under this bridge.
[    2.662500] PCI host bridge to bus 0000:00
[    2.674871] pci_bus 0000:00: root bus resource [io  0x0000-0x0cf7 window]
[    2.703435] pci_bus 0000:00: root bus resource [io  0x0d00-0xffff window]
[    2.708690] pci_bus 0000:00: root bus resource [mem 0x000a0000-0x000bffff window]
[    2.715115] pci_bus 0000:00: root bus resource [mem 0x40000000-0xffdfffff window]
[    2.740526] pci_bus 0000:00: root bus resource [bus 00-ff]
[    2.762466] pci 0000:00:01.1: legacy IDE quirk: reg 0x10: [io  0x01f0-0x01f7]
[    2.790920] pci 0000:00:01.1: legacy IDE quirk: reg 0x14: [io  0x03f6]
[    2.813819] pci 0000:00:01.1: legacy IDE quirk: reg 0x18: [io  0x0170-0x0177]
[    2.845075] pci 0000:00:01.1: legacy IDE quirk: reg 0x1c: [io  0x0376]
[    2.870203] pci 0000:00:07.0: quirk: [io  0x4000-0x403f] claimed by PIIX4 ACPI
[    2.909754] pci 0000:00:07.0: quirk: [io  0x4100-0x410f] claimed by PIIX4 SMB
[    2.946525] ACPI: PCI Interrupt Link [LNKA] (IRQs 5 9 10 *11)
[    2.957451] ACPI: PCI Interrupt Link [LNKB] (IRQs 5 9 10 *11)
[    2.964795] ACPI: PCI Interrupt Link [LNKC] (IRQs 5 9 *10 11)
[    2.967431] ACPI: PCI Interrupt Link [LNKD] (IRQs 5 *9 10 11)
[    2.970299] ACPI: Enabled 2 GPEs in block 00 to 07
[    3.000628] vgaarb: setting as boot device: PCI:0000:00:02.0
[    3.033850] vgaarb: device added: PCI:0000:00:02.0,decodes=io+mem,owns=io+mem,locks=none
[    3.087995] vgaarb: loaded
[    3.097590] vgaarb: bridge control possible 0000:00:02.0
[    3.114320] SCSI subsystem initialized
[    3.136834] ACPI: bus type USB registered
[    3.150426] usbcore: registered new interface driver usbfs
[    3.159713] usbcore: registered new interface driver hub
[    3.189853] usbcore: registered new device driver usb
[    3.202882] PCI: Using ACPI for IRQ routing
[    3.221322] NetLabel: Initializing
[    3.229473] NetLabel:  domain hash size = 128
[    3.238645] NetLabel:  protocols = UNLABELED CIPSOv4
[    3.255287] NetLabel:  unlabeled traffic allowed by default
[    3.260640] amd_nb: Cannot enumerate AMD northbridges
[    3.263385] clocksource: Switched to clocksource kvm-clock
[    3.274116] AppArmor: AppArmor Filesystem Enabled
[    3.285115] pnp: PnP ACPI init
[    3.293635] pnp: PnP ACPI: found 3 devices
[    3.309846] clocksource: acpi_pm: mask: 0xffffff max_cycles: 0xffffff, max_idle_ns: 2085701024 ns
[    3.320137] NET: Registered protocol family 2
[    3.322438] TCP established hash table entries: 8192 (order: 4, 65536 bytes)
[    3.326018] TCP bind hash table entries: 8192 (order: 5, 131072 bytes)
[    3.339796] TCP: Hash tables configured (established 8192 bind 8192)
[    3.358927] UDP hash table entries: 512 (order: 2, 16384 bytes)
[    3.361572] UDP-Lite hash table entries: 512 (order: 2, 16384 bytes)
[    3.363586] NET: Registered protocol family 1
[    3.366645] pci 0000:00:00.0: Limiting direct PCI/PCI transfers
[    3.368150] pci 0000:00:01.0: Activating ISA DMA hang workarounds
[    3.369897] Trying to unpack rootfs image as initramfs...
[    5.491269] Freeing initrd memory: 8232K (ffff880036fdc000 - ffff8800377e6000)
[    5.501500] RAPL PMU detected, API unit is 2^-32 Joules, 4 fixed counters 10737418240 ms ovfl timer
[    5.522313] hw unit of domain pp0-core 2^-0 Joules
[    5.525615] hw unit of domain package 2^-0 Joules
[    5.529256] hw unit of domain dram 2^-0 Joules
[    5.530499] hw unit of domain pp1-gpu 2^-0 Joules
[    5.531883] platform rtc_cmos: registered platform RTC device (no PNP device found)
[    5.539509] Scanning for low memory corruption every 60 seconds
[    5.546067] futex hash table entries: 256 (order: 2, 16384 bytes)
[    5.548968] audit: initializing netlink subsys (disabled)
[    5.577111] audit: type=2000 audit(1491219801.104:1): initialized
[    5.594463] Initialise system trusted keyring
[    5.596683] HugeTLB registered 2 MB page size, pre-allocated 0 pages
[    5.601172] zbud: loaded
[    5.603644] VFS: Disk quotas dquot_6.6.0
[    5.606896] VFS: Dquot-cache hash table entries: 512 (order 0, 4096 bytes)
[    5.614004] squashfs: version 4.0 (2009/01/31) Phillip Lougher
[    5.615988] fuse init (API version 7.23)
[    5.631786] Key type big_key registered
[    5.635403] Allocating IMA MOK and blacklist keyrings.
[    5.643173] Key type asymmetric registered
[    5.661572] Asymmetric key parser 'x509' registered
[    5.678678] Block layer SCSI generic (bsg) driver version 0.4 loaded (major 249)
[    5.709910] io scheduler noop registered
[    5.718268] io scheduler deadline registered (default)
[    5.728169] io scheduler cfq registered
[    5.730825] pci_hotplug: PCI Hot Plug PCI Core version: 0.5
[    5.758421] pciehp: PCI Express Hot Plug Controller Driver version: 0.4
[    5.766794] ACPI: AC Adapter [AC] (on-line)
[    5.772735] input: Power Button as /devices/LNXSYSTM:00/LNXPWRBN:00/input/input0
[    5.800162] ACPI: Power Button [PWRF]
[    5.810311] input: Sleep Button as /devices/LNXSYSTM:00/LNXSLPBN:00/input/input1
[    5.828504] ACPI: Sleep Button [SLPF]
[    5.839887] ACPI: Battery Slot [BAT0] (battery present)
[    5.853292] GHES: HEST is not enabled!
[    5.860750] Serial: 8250/16550 driver, 32 ports, IRQ sharing enabled
[    5.892295] 00:02: ttyS0 at I/O 0x3f8 (irq = 4, base_baud = 115200) is a 16550A
[    5.900244] Linux agpgart interface v0.103
[    5.915978] brd: module loaded
[    5.930245] loop: module loaded
[    5.955869] scsi host0: ata_piix
[    5.964371] scsi host1: ata_piix
[    5.967072] ata1: PATA max UDMA/33 cmd 0x1f0 ctl 0x3f6 bmdma 0xd000 irq 14
[    5.991939] ata2: PATA max UDMA/33 cmd 0x170 ctl 0x376 bmdma 0xd008 irq 15
[    6.003946] libphy: Fixed MDIO Bus: probed
[    6.007338] tun: Universal TUN/TAP device driver, 1.6
[    6.022215] tun: (C) 1999-2004 Max Krasnyansky <maxk@qualcomm.com>
[    6.026546] PPP generic driver version 2.4.2
[    6.028167] ehci_hcd: USB 2.0 'Enhanced' Host Controller (EHCI) Driver
[    6.037157] ehci-pci: EHCI PCI platform driver
[    6.041639] ehci-platform: EHCI generic platform driver
[    6.063486] ohci_hcd: USB 1.1 'Open' Host Controller (OHCI) Driver
[    6.068983] ohci-pci: OHCI PCI platform driver
[    6.079496] ohci-platform: OHCI generic platform driver
[    6.098889] uhci_hcd: USB Universal Host Controller Interface driver
[    6.100966] i8042: PNP: PS/2 Controller [PNP0303:PS2K,PNP0f03:PS2M] at 0x60,0x64 irq 1,12
[    6.105745] serio: i8042 KBD port at 0x60,0x64 irq 1
[    6.107415] serio: i8042 AUX port at 0x60,0x64 irq 12
[    6.109917] mousedev: PS/2 mouse device common for all mice
[    6.113893] input: AT Translated Set 2 keyboard as /devices/platform/i8042/serio0/input/input2
[    6.118917] rtc_cmos rtc_cmos: rtc core: registered rtc_cmos as rtc0
[    6.121978] rtc_cmos rtc_cmos: alarms up to one day, 114 bytes nvram
[    6.127332] i2c /dev entries driver
[    6.129664] device-mapper: uevent: version 1.0.3
[    6.130971] device-mapper: ioctl: 4.34.0-ioctl (2015-10-28) initialised: dm-devel@redhat.com
[    6.148601] ledtrig-cpu: registered to indicate activity on CPUs
[    6.154804] NET: Registered protocol family 10
[    6.156616] NET: Registered protocol family 17
[    6.157853] Key type dns_resolver registered
[    6.159205] microcode: CPU0 sig=0x306d4, pf=0x40, revision=0x0
[    6.163575] microcode: Microcode Update Driver: v2.01 <tigran@aivazian.fsnet.co.uk>, Peter Oruba
[    6.166768] registered taskstats version 1
[    6.176599] Loading compiled-in X.509 certificates
[    6.178396] Loaded X.509 cert 'Build time autogenerated kernel key: 8b9fe5db9540517005e475afed63f7a6645227d6'
[    6.181558] zswap: loaded using pool lzo/zbud
[    6.185827] Key type trusted registered
[    6.192978] Key type encrypted registered
[    6.199038] AppArmor: AppArmor sha1 policy hashing enabled
[    6.210130] ima: No TPM chip found, activating TPM-bypass!
[    6.220592] evm: HMAC attrs: 0x1
[    6.227217]   Magic number: 13:62:731
[    6.230573] rtc_cmos rtc_cmos: setting system clock to 2017-04-03 11:43:19 UTC (1491219799)
[    6.235569] BIOS EDD facility v0.16 2004-Jun-25, 0 devices found
[    6.239056] EDD information not available.
[    6.241503] Freeing unused kernel memory: 1480K (ffffffff81f42000 - ffffffff820b4000)
[    6.269054] Write protecting the kernel read-only data: 14336k
[    6.295373] Freeing unused kernel memory: 1824K (ffff880001838000 - ffff880001a00000)
[    6.302668] Freeing unused kernel memory: 152K (ffff880001dda000 - ffff880001e00000)
Loading, please wait...
starting version 229
[    6.324786] random: systemd-udevd: uninitialized urandom read (16 bytes read, 5 bits of entropy available)
[    6.338445] random: udevadm: uninitialized urandom read (16 bytes read, 5 bits of entropy available)
[    6.342819] random: udevadm: uninitialized urandom read (16 bytes read, 5 bits of entropy available)
[    6.348185] random: udevadm: uninitialized urandom read (16 bytes read, 5 bits of entropy available)
[    6.370774] random: systemd-udevd: uninitialized urandom read (16 bytes read, 5 bits of entropy available)
[    6.381841] random: systemd-udevd: uninitialized urandom read (16 bytes read, 5 bits of entropy available)
[    6.414406] random: udevadm: uninitialized urandom read (16 bytes read, 5 bits of entropy available)
[    6.423594] random: udevadm: uninitialized urandom read (16 bytes read, 5 bits of entropy available)
[    6.426808] random: udevadm: uninitialized urandom read (16 bytes read, 5 bits of entropy available)
[    6.434869] random: udevadm: uninitialized urandom read (16 bytes read, 5 bits of entropy available)
[    6.527966] tsc: Refined TSC clocksource calibration: 2698.650 MHz
[    6.541972] clocksource: tsc: mask: 0xffffffffffffffff max_cycles: 0x26e64314b4d, max_idle_ns: 440795219351 ns
[    6.590813] e1000: Intel(R) PRO/1000 Network Driver - version 7.3.21-k8-NAPI
[    6.627836] e1000: Copyright (c) 1999-2006 Intel Corporation.
[    6.651248] Fusion MPT base driver 3.04.20
[    6.655561] Copyright (c) 1999-2008 LSI Corporation
[    6.753963] AVX version of gcm_enc/dec engaged.
[    6.760261] AES CTR mode by8 optimization enabled
[    6.775573] Fusion MPT SPI Host driver 3.04.20
[    6.795683] mptbase: ioc0: Initiating bringup
[    6.877062] input: ImExPS/2 Generic Explorer Mouse as /devices/platform/i8042/serio1/input/input4
[    6.924043] ioc0: LSI53C1030 A0: Capabilities={Initiator}
[    7.093083] scsi host2: ioc0: LSI53C1030 A0, FwRev=00000000h, Ports=1, MaxQ=256, IRQ=20
[    7.256831] scsi 2:0:0:0: Direct-Access     VBOX     HARDDISK         1.0  PQ: 0 ANSI: 5
[    7.261974] scsi target2:0:0: Beginning Domain Validation
[    7.268486] scsi target2:0:0: Domain Validation skipping write tests
[    7.279961] scsi target2:0:0: Ending Domain Validation
[    7.281472] scsi target2:0:0: asynchronous
[    7.283051] scsi 2:0:1:0: Direct-Access     VBOX     HARDDISK         1.0  PQ: 0 ANSI: 5
[    7.285386] scsi target2:0:1: Beginning Domain Validation
[    7.287733] scsi target2:0:1: Domain Validation skipping write tests
[    7.310227] scsi target2:0:1: Ending Domain Validation
[    7.344148] scsi target2:0:1: asynchronous
[    7.462028] sd 2:0:0:0: [sda] 20971520 512-byte logical blocks: (10.7 GB/10.0 GiB)
[    7.467958] sd 2:0:0:0: Attached scsi generic sg0 type 0
[    7.482596] sd 2:0:1:0: [sdb] 20480 512-byte logical blocks: (10.5 MB/10.0 MiB)
[    7.493213] sd 2:0:1:0: Attached scsi generic sg1 type 0
[    7.498360] sd 2:0:0:0: [sda] Write Protect is off
[    7.508907] sd 2:0:0:0: [sda] Incomplete mode parameter data
[    7.526364] sd 2:0:0:0: [sda] Assuming drive cache: write through
[    7.565581] sd 2:0:1:0: [sdb] Write Protect is off
[    7.574049] sd 2:0:1:0: [sdb] Incomplete mode parameter data
[    7.584292] sd 2:0:1:0: [sdb] Assuming drive cache: write through
[    7.625267] sd 2:0:1:0: [sdb] Attached SCSI disk
[    7.649513]  sda: sda1
[    7.687462] sd 2:0:0:0: [sda] Attached SCSI disk
[    7.952114] e1000 0000:00:03.0 eth0: (PCI:33MHz:32-bit) 02:d2:b3:13:c7:a7
[    7.969703] e1000 0000:00:03.0 eth0: Intel(R) PRO/1000 Network Connection
[    8.359513] e1000 0000:00:08.0 eth1: (PCI:33MHz:32-bit) 08:00:27:b2:2d:56
[    8.409838] e1000 0000:00:08.0 eth1: Intel(R) PRO/1000 Network Connection
[    8.812261] e1000 0000:00:09.0 eth2: (PCI:33MHz:32-bit) 08:00:27:cd:8b:89
[    8.837938] e1000 0000:00:09.0 eth2: Intel(R) PRO/1000 Network Connection
[    8.892478] e1000 0000:00:08.0 enp0s8: renamed from eth1
[    8.902638] e1000 0000:00:09.0 enp0s9: renamed from eth2
[    8.914508] e1000 0000:00:03.0 enp0s3: renamed from eth0
[    9.704498] floppy0: no floppy controllers found
Begin: Loading e[   11.012388] md: linear personality registered for level -1
ssential drivers[   11.052077] md: multipath personality registered for level -4
 ... [   11.071038] md: raid0 personality registered for level 0
[   11.093260] md: raid1 personality registered for level 1
[   11.187587] raid6: sse2x1   gen()  8870 MB/s
[   11.295467] raid6: sse2x1   xor()  3668 MB/s
[   11.396178] raid6: sse2x2   gen() 11387 MB/s
[   11.499896] raid6: sse2x2   xor()  7561 MB/s
[   11.584343] raid6: sse2x4   gen() 13864 MB/s
[   11.679802] raid6: sse2x4   xor()  9082 MB/s
[   11.693367] raid6: using algorithm sse2x4 gen() 13864 MB/s
[   11.702566] raid6: .... xor() 9082 MB/s, rmw enabled
[   11.736494] raid6: using ssse3x2 recovery algorithm
[   11.742646] xor: automatically using best checksumming function:
[   11.795588]    avx       : 21509.000 MB/sec
[   11.834705] async_tx: api initialized (async)
[   11.879582] md: raid6 personality registered for level 6
[   11.886802] md: raid5 personality registered for level 5
[   11.887711] md: raid4 personality registered for level 4
[   11.894301] md: raid10 personality registered for level 10
done.
Begin: Running /scripts/init-premount ... done[   11.950210] Btrfs loaded
.
Begin: Mounting root file system ... Begin: Running /scripts/local-top ... done.
Begin: Running /scripts/loc[   11.991391] EXT4-fs (sda1): mounted filesystem with ordered data mode. Opts: (null)
al-premount ... Scanning for Btrfs filesystems
done.
Warning: fsck not present, so skipping root file system
done.
Begin: Running /scripts/local-bottom ... done.
Begin: Running /scripts/init-bottom ... Warning: overlayroot: debug is busted
done.
[   12.085048] systemd[1]: systemd 229 running in system mode. (+PAM +AUDIT +SELINUX +IMA +APPARMOR +SMACK +SYSVINIT +UTMP +LIBCRYPTSETUP +GCRYPT +GNUTLS +ACL +XZ -LZ4 +SECCOMP +BLKID +ELFUTILS +KMOD -IDN)
[   12.120661] systemd[1]: Detected virtualization oracle.
[   12.146754] systemd[1]: Detected architecture x86-64.

Welcome to [1mUbuntu 16.04.1 LTS[0m!

[   12.158527] systemd[1]: Set hostname to <ubuntu>.
[   12.172553] systemd[1]: Initializing machine ID from random generator.
[   12.217737] systemd[1]: Installed transient /etc/machine-id file.
[   12.533489] systemd[1]: Started Forward Password Requests to Wall Directory Watch.
[[0;32m  OK  [0m] Started Forward Password Requests to Wall Directory Watch.
[   12.574928] systemd[1]: Listening on udev Kernel Socket.
[[0;32m  OK  [0m] Listening on udev Kernel Socket.
[   12.577827] systemd[1]: Listening on Journal Audit Socket.
[[0;32m  OK  [0m] Listening on Journal Audit Socket.
[   12.588130] systemd[1]: Listening on Journal Socket (/dev/log).
[[0;32m  OK  [0m] Listening on Journal Socket (/dev/log).
[   12.593435] systemd[1]: Reached target Swap.
[[0;32m  OK  [0m] Reached target Swap.
[   12.599877] systemd[1]: Listening on /dev/initctl Compatibility Named Pipe.
[[0;32m  OK  [0m] Listening on /dev/initctl Compatibility Named Pipe.
[   12.623976] systemd[1]: Listening on Device-mapper event daemon FIFOs.
[[0;32m  OK  [0m] Listening on Device-mapper event daemon FIFOs.
[   12.638609] systemd[1]: Set up automount Arbitrary Executable File Formats File System Automount Point.
[[0;32m  OK  [0m] Set up automount Arbitrary Executab...ats File System Automount Point.
[   12.669665] systemd[1]: Created slice User and Session Slice.
[[0;32m  OK  [0m] Created slice User and Session Slice.
[   12.696054] systemd[1]: Created slice System Slice.
[[0;32m  OK  [0m] Created slice System Slice.
[   12.722207] systemd[1]: Created slice system-serial\x2dgetty.slice.
[[0;32m  OK  [0m] Created slice system-serial\x2dgetty.slice.
[   12.728763] systemd[1]: Reached target Slices.
[[0;32m  OK  [0m] Reached target Slices.
[   12.731700] systemd[1]: Listening on Syslog Socket.
[[0;32m  OK  [0m] Listening on Syslog Socket.
[   12.735776] systemd[1]: Listening on LVM2 poll daemon socket.
[[0;32m  OK  [0m] Listening on LVM2 poll daemon socket.
[   12.752226] systemd[1]: Listening on Journal Socket.
[[0;32m  OK  [0m] Listening on Journal Socket.
[   12.773889] systemd[1]: Starting Create list of required static device nodes for the current kernel...
         Starting Create list of required st... nodes for the current kernel...
[   12.812565] random: nonblocking pool is initialized
[   12.824023] systemd[1]: Mounting POSIX Message Queue File System...
         Mounting POSIX Message Queue File System...
[   12.844725] systemd[1]: Starting Set console keymap...
         Starting Set console keymap...
[   12.869757] systemd[1]: Mounting Debug File System...
         Mounting Debug File System...
[   12.924597] systemd[1]: Starting Remount Root and Kernel File Systems...
         Starting Remount Root and Kernel File Systems...[   12.961455] EXT4-fs (sda1): re-mounted. Opts: (null)

[   13.032418] systemd[1]: Mounting Huge Pages File System...
         Mounting Huge Pages File System...
[   13.102768] systemd[1]: Starting Load Kernel Modules...
         [   13.140585] Loading iSCSI transport class v2.0-870.
Starting Load Ke[   13.174767] iscsi: registered transport (tcp)
rnel Modules...
[   13.225131] systemd[1]: Reached target Encrypted Volumes.
[[0;32m  OK  [0m] Reached target Encrypted Volumes.
[   13.263652] systemd[1]: Listening on LVM2 metadata daemon socket.
[[0;32m  OK  [0[   13.350941] iscsi: registered transport (iser)
m] Listening on LVM2 metadata daemon socket.
[   13.377574] systemd[1]: Starting Monitoring of LVM2 mirrors, snapshots etc. using dmeventd or progress polling...
         Starting Monitoring of LVM2 mirrors... dmeventd or progress polling...
[   13.520426] systemd[1]: Starting Uncomplicated firewall...
         Starting Uncomplicated firewall...
[   13.576711] systemd[1]: Starting Journal Service...
         Starting Journal Service...
[   13.618881] systemd[1]: Starting Nameserver information manager...
         Starting Nameserver information manager...
[   13.654104] systemd[1]: Listening on udev Control Socket.
[[0;32m  OK  [0m] Listening on udev Control Socket.
[   13.663586] systemd[1]: Reached target User and Group Name Lookups.
[[0;32m  OK  [0m] Reached target User and Group Name Lookups.
[   13.674512] systemd[1]: Mounted Huge Pages File System.
[[0;32m  OK  [0m] Mounted Huge Pages File System.
[   13.689117] systemd[1]: Mounted POSIX Message Queue File System.
[[0;32m  OK  [0m] Mounted POSIX Message Queue File System.
[   13.716913] systemd[1]: Mounted Debug File System.
[[0;32m  OK  [0m] Mounted Debug File System.
[   13.812172] systemd[1]: Started Journal Service.
[[0;32m  OK  [0m] Started Journal Service.
[[0;32m  OK  [0m] Started Create list of required sta...ce nodes for the current kernel.
[[0;32m  OK  [0m] Started Set console keymap.
[[0;32m  OK  [0m] Started Remount Root and Kernel File Systems.
[[0;32m  OK  [0m] Started Load Kernel Modules.
[[0;32m  OK  [0m] Started Uncomplicated firewall.
[[0;32m  OK  [0m] Started Nameserver information manager.
[[0;32m  OK  [0m] Started LVM2 metadata daemon.
         Mounting FUSE Control File System...
         Starting Apply Kernel Variables...
         Starting udev Coldplug all Devices...
         Starting Load/Save Random Seed...
         Starting Create Static Device Nodes in /dev...
         Starting Flush Journal to Persistent Storage...
[[0;32m  OK  [0m] Mounted FUSE Control File System.
[[0;32m  OK  [0m] Started Apply Kernel Variables.
[[0;32m  OK  [0m] Started Load/Save Random Seed.
[[0;32m  OK  [0m] Started Create Static Device Nodes in /dev.
[[0;32m  OK  [0m] Started udev Coldplug all Devices.
[[0;32m  OK  [0m] Started Flush Journal to Persistent Storage.
         Starting udev Kernel Device Manager...
[[0;32m  OK  [0m] Started udev Kernel Device Manager.
[[0;32m  OK  [0m] Started Dispatch Password Requests to Console Directory Watch.
[[0;32m  OK  [0m] Started Monitoring of LVM2 mirrors,...ng dmeventd or progress polling.
[[0;32m  OK  [0m] Found device /dev/ttyS0.
[[0;32m  OK  [0m] Reached target Local File Systems (Pre).
[[0;32m  OK  [0m] Reached target Local File Systems.
         Starting Tell Plymouth To Write Out Runtime Data...
         Starting Create Volatile Files and Directories...
         Starting LSB: AppArmor initialization...
         Starting Commit a transient machine-id on disk...
         Starting Run snappy firstboot setup...
         Starting Initial cloud-init job (pre-networking)...
         Starting Set console font and keymap...
[[0;32m  OK  [0m] Started Tell Plymouth To Write Out Runtime Data.
[[0;32m  OK  [0m] Started Create Volatile Files and Directories.
[[0;32m  OK  [0m] Started Commit a transient machine-id on disk.
[[0;32m  OK  [0m] Started Run snappy firstboot setup.
[[0;32m  OK  [0m] Listening on Load/Save RF Kill Switch Status /dev/rfkill Watch.
         Starting Update UTMP about System Boot/Shutdown...
[[0;32m  OK  [0m] Reached target System Time Synchronized.
[[0;32m  OK  [0m] Started Update UTMP about System Boot/Shutdown.
[   14.257174] cloud-init[635]: Cloud-init v. 0.7.8 running 'init-local' at Mon, 03 Apr 2017 11:43:29 +0000. Up 13.56 seconds.
[[0;32m  OK  [0m] Started Initial cloud-init job (pre-networking).
[[0;32m  OK  [0m] Started Set console font and keymap.
[[0;32m  OK  [0m] Created slice system-getty.slice.
[[0;32m  OK  [0m] Reached target Network (Pre).
[[0;32m  OK  [0m] Started LSB: AppArmor initialization.
         Starting Raise network interfaces...
[[0;32m  OK  [0m] Reached target System Initialization.
[[0;32m  OK  [0m] Started Timer to automatically refresh installed snaps.
[[0;32m  OK  [0m] Started Trigger resolvconf update for networkd DNS.
[[0;32m  OK  [0m] Started Daily apt activities.
[[0;32m  OK  [0m] Listening on D-Bus System Message Bus Socket.
[[0;32m  OK  [0m] Started Daily Cleanup of Temporary Directories.
[[0;32m  OK  [0m] Reached target Timers.
[[0;32m  OK  [0m] Listening on ACPID Listen Socket.
         Starting Socket activation for snappy daemon.
[[0;32m  OK  [0m] Started ACPI Events Check.
[[0;32m  OK  [0m] Reached target Paths.
[[0;32m  OK  [0m] Listening on UUID daemon activation socket.
         Starting LXD - unix socket.
[[0;32m  OK  [0m] Listening on Socket activation for snappy daemon.
[[0;32m  OK  [0m] Listening on LXD - unix socket.
[[0;32m  OK  [0m] Reached target Sockets.
[[0;32m  OK  [0m] Reached target Basic System.
         Starting Accounts Service...
         Starting LSB: Record successful boot for GRUB...
[[0;32m  OK  [0m] Started Deferred execution scheduler.
         Starting Login Service...
[[0;32m  OK  [0m] Started Snappy daemon.
         Starting LSB: MD monitoring daemon...
[[0;32m  OK  [0m] Started D-Bus System Message Bus.
         Starting LXD - container startup/shutdown...
[[0;32m  OK  [0m] Started FUSE filesystem for LXC.
         Starting System Logging Service...
[[0;32m  OK  [0m] Started ACPI event daemon.
[[0;32m  OK  [0m] Started Regular background program processing daemon.
[[0;32m  OK  [0m] Started System Logging Service.
[[0;32m  OK  [0m] Started LSB: Record successful boot for GRUB.
[[0;32m  OK  [0m] Started LSB: MD monitoring daemon.
[[0;32m  OK  [0m] Started LXD - container startup/shutdown.
[[0;32m  OK  [0m] Started Login Service.
         Starting Authenticate and Authorize Users to Run Privileged Tasks...
[[0;32m  OK  [0m] Started Authenticate and Authorize Users to Run Privileged Tasks.
[[0;32m  OK  [0m] Started Accounts Service.
[[0;32m  OK  [0m] Started Raise network interfaces.
[[0;32m  OK  [0m] Reached target Network.
         Starting Initial cloud-init job (metadata service crawler)...
[   17.671895] cloud-init[1042]: Cloud-init v. 0.7.8 running 'init' at Mon, 03 Apr 2017 11:43:32 +0000. Up 16.57 seconds.
[   17.684552] cloud-init[1042]: ci-info: ++++++++++++++++++++++++++++++++++++++Net device info++++++++++++++++++++++++++++++++++++++
[   17.713049] cloud-init[1042]: ci-info: +--------+-------+----------------------------+---------------+-------+-------------------+
[   17.745059] cloud-init[1042]: ci-info: | Device |   Up  |          Address           |      Mask     | Scope |     Hw-Address    |
[   17.784261] cloud-init[1042]: ci-info: +--------+-------+----------------------------+---------------+-------+-------------------+
[[0;32m  OK  [0m] Started Initial cloud-init job (metadata service crawler).
[   17.808229] cloud-init[1042]: ci-info: | enp0s3 |  True |         10.0.2.15          | 255.255.255.0 |   .   | 02:d2:b3:13:c7:a7 |
[   17.857674] cloud-init[1042]: ci-info: | enp0s3 |  True | fe80::d2:b3ff:fe13:c7a7/64 |       .       |  link | 02:d2:b3:13:c7:a7 |
[   17.888894] cloud-init[1042]: ci-info: |   lo   |  True |         127.0.0.1          |   255.0.0.0   |   .   |         .         |
[   17.937550] cloud-init[1042]: ci-info: |   lo   |  True |          ::1/128           |       .       |  host |         .         |
[[0;32m  OK  [0m] Reached target Cloud-config availability.
[[0;32m  OK  [0m] Reached target Network is Online.
[   17.967500] cloud-init[1042]: ci-info: | enp0s8 | False |             .              |       .       |   .   | 08:00:27:b2:2d:56 |
         Starting iSCSI initiator daemon (iscsid)...
[   17.998809] cloud-init[1042]: ci-info: | enp0s9 | False |             .              |       .       |   .   | 08:00:27:cd:8b:89 |
         Starting Pollinate to seed the pseudo random number generator...
         Starting Apply the settings specified in cloud-config...
         Starting /etc/rc.local Compatibility...
[   18.025861] cloud-init[1042]: ci-info: +--------+-------+----------------------------+---------------+-------+-------------------+
[[0;32m  OK  [0m] Started /etc/rc.local Compatibility.
[   18.108430] cloud-init[1042]: ci-info: +++++++++++++++++++++++++++Route IPv4 info++++++++++++++++++++++++++++
[[0;32m  OK  [0m[   18.136318] cloud-init[1042]: ci-info: +-------+-------------+----------+---------------+-----------+-------+
[   18.138842] cloud-init[1042]: ci-info: | Route | Destination | Gateway  |    Genmask    | Interface | Flags |
[   18.139585] cloud-init[1042]: ci-info: +-------+-------------+----------+---------------+-----------+-------+
[   18.139636] cloud-init[1042]: ci-info: |   0   |   0.0.0.0   | 10.0.2.2 |    0.0.0.0    |   enp0s3  |   UG  |
[   18.139677] cloud-init[1042]: ci-info: |   1   |   10.0.2.0  | 0.0.0.0  | 255.255.255.0 |   enp0s3  |   U   |
[   18.139726] cloud-init[1042]: ci-info: +-------+-------------+----------+---------------+-----------+-------+
] Started iSCSI initiator daemon (iscsid).
[   18.144551] cloud-init[1042]: Generating public/private rsa key pair.
[   18.232448] cloud-init[1042]: Your identification has been saved in /etc/ssh/ssh_host_rsa_key.
[   18.249178] cloud-init[1042]: Your public key has been saved in /etc/ssh/ssh_host_rsa_key.pub.
[   18.257118] cloud-init[1042]: The key fingerprint is:
[   18.280370] cloud-init[1042]: SHA256:soTqXjQha9ugKgqy4jf64PuELQ9BY4kYU9Jp3OA6gJM root@ubuntu-xenial
[   18.281260] cloud-init[1042]: The key's randomart image is:
[   18.281345] cloud-init[1042]: +---[RSA 2048]----+
[   18.281415] cloud-init[1042]: |++o+             |
[   18.281474] cloud-init[1042]: |+** .            |
[   18.281525] cloud-init[1042]: |E*o .            |
[   18.281574] cloud-init[1042]: |+o.o o           |
[   18.281629] cloud-init[1042]: |o.+ + o S        |
[   18.281678] cloud-init[1042]: | ++* o o         |
[   18.281727] cloud-init[1042]: |+=ooo .          |
[   18.281776] cloud-init[1042]: |Bo*+             |
[   18.281823] cloud-init[1042]: |O*O+.            |
[   18.281870] cloud-init[1042]: +----[SHA256]-----+
[   18.282006] cloud-init[1042]: Generating public/private dsa key pair.
[   18.282066] cloud-init[1042]: Your identification has been saved in /etc/ssh/ssh_host_dsa_key.
[   18.282122] cloud-init[1042]: Your public key has been saved in /etc/ssh/ssh_host_dsa_key.pub.
[   18.282167] cloud-init[1042]: The key fingerprint is:
[   18.282656] cloud-init[1042]: SHA256:arFeR2XSnQTMAl75SRurtDUjh4TEGj/Ygn7S7is+tFw root@ubuntu-xenial
[   18.282721] cloud-init[1042]: The key's randomart image is:
[   18.282767] cloud-init[1042]: +---[DSA 1024]----+
[   18.282811] cloud-init[1042]: |       ooo.+...  |
[   18.282856] cloud-init[1042]: |      ..o.+.=o . |
[   18.282899] cloud-init[1042]: |     . *...=+=o  |
[   18.282941] cloud-init[1042]: |    . + + ++X    |
[   18.282988] cloud-init[1042]: |   . ...So.* o   |
[   18.283034] cloud-init[1042]: |    + E+ .o      |
[   18.283079] cloud-init[1042]: |   o *+ . .      |
[   18.283121] cloud-init[1042]: |    =o.. .       |
[   18.283164] cloud-init[1042]: |   ..++.         |
[   18.283211] cloud-init[1042]: +----[SHA256]-----+
[   18.283254] cloud-init[1042]: Generating public/private ecdsa key pair.
[   18.283299] cloud-init[1042]: Your identification has been saved in /etc/ssh/ssh_host_ecdsa_key.
[   18.283343] cloud-init[1042]: Your public key has been saved in /etc/ssh/ssh_host_ecdsa_key.pub.
[   18.283460] cloud-init[1042]: The key fingerprint is:
[   18.283579] cloud-init[1042]: SHA256:fZqpgNJPBv2xj/QUckB9EjQ2/z414x3FGK91zvYEhMU root@ubuntu-xenial
         Starting Login to default iSCSI targets...
[[0;32m  OK  [0m] Started Login to default iSCSI targets.
[   18.523004] cloud-init[1042]: The key's randomart image is:
[[0;32m  OK  [0m] Reached target Remote File Systems (Pre).
[[0;32m  OK  [0m] Reached target Remote File Systems.
         Starting LSB: automatic crash report generation...
[   18.634158] cloud-init[1042]: +---[ECDSA 256]---+
         Starting LSB: daemon to balance interrupts for SMP systems...
         Starting Permit User Sessions...
         Starting LSB: VirtualBox Linux Additions...
         Starting LSB: Set the CPU Frequency Scaling governor to "ondemand"...
[[0;32m  OK  [0m] Started Permit User Sessions.
[   18.696958] cloud-init[1042]: |        .o*. ++  |
[   18.753041] cloud-init[1042]: |       . .o+o.E= |
[   18.766637] cloud-init[1042]: |        .  o. o *|
[   18.789375] cloud-init[1042]: |     .   o   . *o|
         [   18.820261] cloud-init[1042]: |    . . S + . o+*|
[   18.820459] cloud-init[1042]: |   . o . = * ..+*|
[   18.820496] cloud-init[1042]: |  . o + + =   o.o|
[   18.820525] cloud-init[1042]: |   . + o *     . |
[   18.820553] cloud-init[1042]: |      . o o      |
[   18.820580] cloud-init[1042]: +----[SHA256]-----+
[   18.820606] cloud-init[1042]: Generating public/private ed25519 key pair.
[   18.820634] cloud-init[1042]: Your identification has been saved in /etc/ssh/ssh_host_ed25519_key.
[   18.820762] cloud-init[1042]: Your public key has been saved in /etc/ssh/ssh_host_ed25519_key.pub.
[   18.820800] cloud-init[1042]: The key fingerprint is:
[   18.820842] cloud-init[1042]: SHA256:eLJ1IbjP1+yWGD8fmjlWAxmMcrisSfvxHcN72N5t8So root@ubuntu-xenial
[   18.820872] cloud-init[1042]: The key's randomart image is:
[   18.820908] cloud-init[1042]: +--[ED25519 256]--+
[   18.820937] cloud-init[1042]: |         . o     |
[   18.820963] cloud-init[1042]: |       .o o o    |
[   18.820989] cloud-init[1042]: |      ...+.  o   |
[   18.821013] cloud-init[1042]: |      .oo. .o    |
[   18.821040] cloud-init[1042]: |     .++S .. .   |
[   18.821065] cloud-init[1042]: |      +B...o+ o. |
[   18.821091] cloud-init[1042]: |      ..oo.=oO..o|
[   18.821117] cloud-init[1042]: |        ..o.E+oo+|
[   18.821400] cloud-init[1042]: |           o=B+oo|
[   18.821431] cloud-init[1042]: +----[SHA256]-----+
Starting Hold until boot process finishes up...
         Starting Terminate Plymouth Boot Screen...
[[0;32m  OK  [0m] Started LSB: daemon to balance interrupts for SMP systems.
[[0;32m  OK  [0m] Started Hold until boot process finishes up.
[[0;32m  OK  [0m] Started Terminate Plymouth Boot Screen.
[[0;32m  OK  [0m] Started Serial Getty on ttyS0.
         Starting Set console scheme...
[[0;32m  OK  [0m] Started Getty on tty1.
[[0;32m  OK  [0m] Reached target Login Prompts.
[[0;32m  OK  [0m] Started LSB: Set the CPU Frequency Scaling governor to "ondemand".
[[0;32m  OK  [0m] Started Set console scheme.
[[0;32m  OK  [0m] Started LSB: automatic crash report generation.
[[0;32m  OK  [0m] Started LSB: VirtualBox Linux Additions.
[   20.630207] cloud-init[1139]: Generating locales (this might take a while)...
[   23.642706] cloud-init[1139]:   en_US.UTF-8... done
[   23.649403] cloud-init[1139]: Generation complete.
[[0;32m  OK  [0m] Stopped OpenBSD Secure Shell server.
         Starting OpenBSD Secure Shell server...
[[0;32m  OK  [0m] Started OpenBSD Secure Shell server.

Ubuntu 16.04.1 LTS ubuntu-xenial ttyS0

ubuntu-xenial login: [   25.490225] cloud-init[1139]: Cloud-init v. 0.7.8 running 'modules:config' at Mon, 03 Apr 2017 11:43:36 +0000. Up 20.20 seconds.
ci-info: +++++Authorized keys from /home/ubuntu/.ssh/authorized_keys for user ubuntu++++++
ci-info: +---------+-------------------------------------------------+---------+---------+
ci-info: | Keytype |                Fingerprint (md5)                | Options | Comment |
ci-info: +---------+-------------------------------------------------+---------+---------+
ci-info: | ssh-rsa | 43:62:66:ed:89:42:1c:f4:89:bd:e2:ee:0e:91:39:f3 |    -    | vagrant |
ci-info: +---------+-------------------------------------------------+---------+---------+
<14>Apr  3 11:43:44 ec2: 
<14>Apr  3 11:43:44 ec2: #############################################################
<14>Apr  3 11:43:44 ec2: -----BEGIN SSH HOST KEY FINGERPRINTS-----
<14>Apr  3 11:43:44 ec2: 1024 SHA256:arFeR2XSnQTMAl75SRurtDUjh4TEGj/Ygn7S7is+tFw root@ubuntu-xenial (DSA)
<14>Apr  3 11:43:44 ec2: 256 SHA256:fZqpgNJPBv2xj/QUckB9EjQ2/z414x3FGK91zvYEhMU root@ubuntu-xenial (ECDSA)
<14>Apr  3 11:43:44 ec2: 256 SHA256:eLJ1IbjP1+yWGD8fmjlWAxmMcrisSfvxHcN72N5t8So root@ubuntu-xenial (ED25519)
<14>Apr  3 11:43:44 ec2: 2048 SHA256:soTqXjQha9ugKgqy4jf64PuELQ9BY4kYU9Jp3OA6gJM root@ubuntu-xenial (RSA)
<14>Apr  3 11:43:44 ec2: -----END SSH HOST KEY FINGERPRINTS-----
<14>Apr  3 11:43:44 ec2: #############################################################
-----BEGIN SSH HOST KEY KEYS-----
ecdsa-sha2-nistp256 AAAAE2VjZHNhLXNoYTItbmlzdHAyNTYAAAAIbmlzdHAyNTYAAABBBAmgYMWvBxZQdXK+ne+8Wrmol/gu6LxgVr7e8sYZITvr1u1xsH6hnR6fzFezdS3DwNBaXKC0l6UMnyB4JYmBGWM= root@ubuntu-xenial
ssh-ed25519 AAAAC3NzaC1lZDI1NTE5AAAAILBWWrYAMpPv1e0EV/7ZuBr+RV3zeQ/UVxuy1Y/EKukx root@ubuntu-xenial
ssh-rsa AAAAB3NzaC1yc2EAAAADAQABAAABAQDY/mB98f4ekXpmeMo71sFTcdY5aoGuOwXC6Rj5BLVQ5TapWYk3x9KA30+1mzr4TeLXfRpWitlNFBiz06U+jD1p+4fEGs3UKl3+WKi6A0CrS3yLruTbI2YvrPeC0hw3IVNJ0F9OhRhrnAyKTO9BxUVMt8Kt1EX28gmuAcQaWkzYKeiz/n/i17BGlw6bZFVKV5wfRzRQDE2NX/9GVggJ9P4Hi4DZzuzzSAX0iIMxgP4L61TrimfbecmclPPF/QRvb1RVetp2rPFbs1imOQV0UMHC1sQJ4E+d4pK0nawgnPl/5/1NMjbb1dll1/ui6RkG4HfBsczUI5OJau0wFEhNnfdl root@ubuntu-xenial
-----END SSH HOST KEY KEYS-----
[   28.733962] cloud-init[1551]: Cloud-init v. 0.7.8 running 'modules:final' at Mon, 03 Apr 2017 11:43:44 +0000. Up 28.33 seconds.
[   28.734148] cloud-init[1551]: Cloud-init v. 0.7.8 finished at Mon, 03 Apr 2017 11:43:44 +0000. Datasource DataSourceNoCloud [seed=/dev/sdb][dsmode=net].  Up 28.69 seconds
